// Jest Snapshot v1, https://goo.gl/fbAQLP

exports[`Nav Links renders app nav links 1`] = `
<div
  className="links"
>
  <a
    href="/"
  >
    <p>
      About
    </p>
  </a>
  <a
    href="/games"
  >
    <p>
      Games
    </p>
  </a>
</div>
`;
